// Jest Snapshot v1, https://goo.gl/fbAQLP

exports[`show header 1`] = `
<a
  href="/"
  onClick={[Function]}
>
  <img
    alt="just cinemas"
    className="logo"
    src="https://drive.google.com/uc?export=view&id=1d3o9sOOiobgOEh7HWiCJBOHKTsmXopTX"
  />
</a>
`;
