// Jest Snapshot v1, https://goo.gl/fbAQLP

exports[`show Social media 1`] = `
<div>
  <a
    href="https://www.facebook.com/ThoughtWorks/"
  >
    <img
      className="social-media"
      src="https://s3.ap-south-1.amazonaws.com/twspicinemas/assets/fb_icon.gif"
    />
  </a>
</div>
`;
